src/components/ui/Hyperspeed.tsx(682,33): error TS2339: Property 'LineCurve3' does not exist on type 'typeof import("C:/Users/wedon/Desktop/finnew pro/node_modules/@types/three/build/three.module")'.
src/components/ui/Hyperspeed.tsx(783,11): error TS2339: Property 'ShaderChunk' does not exist on type 'typeof import("C:/Users/wedon/Desktop/finnew pro/node_modules/@types/three/build/three.module")'.
src/components/ui/Hyperspeed.tsx(792,13): error TS2339: Property 'ShaderChunk' does not exist on type 'typeof import("C:/Users/wedon/Desktop/finnew pro/node_modules/@types/three/build/three.module")'.
src/components/ui/Hyperspeed.tsx(798,11): error TS2339: Property 'ShaderChunk' does not exist on type 'typeof import("C:/Users/wedon/Desktop/finnew pro/node_modules/@types/three/build/three.module")'.
src/components/ui/Hyperspeed.tsx(826,13): error TS2339: Property 'ShaderChunk' does not exist on type 'typeof import("C:/Users/wedon/Desktop/finnew pro/node_modules/@types/three/build/three.module")'.
src/components/ui/Hyperspeed.tsx(913,11): error TS2339: Property 'ShaderChunk' does not exist on type 'typeof import("C:/Users/wedon/Desktop/finnew pro/node_modules/@types/three/build/three.module")'.
src/components/ui/Hyperspeed.tsx(948,13): error TS2339: Property 'ShaderChunk' does not exist on type 'typeof import("C:/Users/wedon/Desktop/finnew pro/node_modules/@types/three/build/three.module")'.
src/components/ui/Hyperspeed.tsx(954,11): error TS2339: Property 'ShaderChunk' does not exist on type 'typeof import("C:/Users/wedon/Desktop/finnew pro/node_modules/@types/three/build/three.module")'.
src/components/ui/Hyperspeed.tsx(959,13): error TS2339: Property 'ShaderChunk' does not exist on type 'typeof import("C:/Users/wedon/Desktop/finnew pro/node_modules/@types/three/build/three.module")'.
src/components/ui/Hyperspeed.tsx(1060,11): error TS2339: Property 'ShaderChunk' does not exist on type 'typeof import("C:/Users/wedon/Desktop/finnew pro/node_modules/@types/three/build/three.module")'.
src/components/ui/Hyperspeed.tsx(1066,13): error TS2339: Property 'ShaderChunk' does not exist on type 'typeof import("C:/Users/wedon/Desktop/finnew pro/node_modules/@types/three/build/three.module")'.
src/components/ui/Hyperspeed.tsx(1110,11): error TS2339: Property 'ShaderChunk' does not exist on type 'typeof import("C:/Users/wedon/Desktop/finnew pro/node_modules/@types/three/build/three.module")'.
src/components/ui/Hyperspeed.tsx(1124,13): error TS2339: Property 'ShaderChunk' does not exist on type 'typeof import("C:/Users/wedon/Desktop/finnew pro/node_modules/@types/three/build/three.module")'.
src/lib/auth-options.ts(74,21): error TS7031: Binding element 'token' implicitly has an 'any' type.
src/lib/auth-options.ts(74,28): error TS7031: Binding element 'user' implicitly has an 'any' type.
src/lib/auth-options.ts(74,34): error TS7031: Binding element 'trigger' implicitly has an 'any' type.
src/lib/auth-options.ts(74,43): error TS7031: Binding element 'session' implicitly has an 'any' type.
src/lib/auth-send-request.ts(1,10): error TS2614: Module '"next-auth"' has no exported member 'Theme'. Did you mean to use 'import Theme from "next-auth"' instead?
src/lib/mongodb.ts(2,29): error TS7016: Could not find a declaration file for module 'mongodb'. 'C:/Users/wedon/Desktop/finnew pro/node_modules/mongodb/lib/index.js' implicitly has an 'any' type.
  Try `npm i --save-dev @types/mongodb` if it exists or add a new declaration (.d.ts) file containing `declare module 'mongodb';`
src/lib/mongodb.ts(25,5): error TS2322: Type 'Promise<MongoClient> | undefined' is not assignable to type 'Promise<MongoClient>'.
  Type 'undefined' is not assignable to type 'Promise<MongoClient>'.
